[chauffeurservicedubai.ae/index.html]
[backblue.gif]
[fade.gif]
[index.html]
[chauffeurservicedubai.ae/assets/img/logo.svg]
[chauffeurservicedubai.ae/assets/img/favicon.png]
[chauffeurservicedubai.ae/assets/img/favicon-32x32.png]
[chauffeurservicedubai.ae/assets/img/favicon-192x192.png]
[chauffeurservicedubai.ae/assets/img/favicon-180x180.png]
[chauffeurservicedubai.ae/assets/css/allinone5e1f.css]
[chauffeurservicedubai.ae/assets/css/style7b30.css]
[chauffeurservicedubai.ae/assets/css/footer.min6040.css]
[ajax.googleapis.com/ajax/libs/jquery/3.7.1/jquery.min.js]
[chauffeurservicedubai.ae/assets/build/js/intlTelInput.js]
[chauffeurservicedubai.ae/assets/videos/chaufeur-videoposter.webp]
[chauffeurservicedubai.ae/assets/videos/chauffeurvideobanr.mp4]
[chauffeurservicedubai.ae/assets/img/img-2023/brands/rolls-royce-icon.webp]
[chauffeurservicedubai.ae/assets/img/Rolls Royce Cullinan - Black.webp]
[chauffeurservicedubai.ae/assets/img/img-2023/seats-icon.svg]
[chauffeurservicedubai.ae/assets/img/img-2023/price-per-trip-icon.svg]
[chauffeurservicedubai.ae/assets/img/img-2023/price-per-day-icon.svg]
[chauffeurservicedubai.ae/assets/img/img-2023/service-icon.svg]
[chauffeurservicedubai.ae/assets/img/img-2023/fuel-icon.svg]
[chauffeurservicedubai.ae/assets/img/img-2023/toll-gates-icon.svg]
[chauffeurservicedubai.ae/assets/img/img-2023/professional-driver-icon.svg]
[chauffeurservicedubai.ae/assets/img/img-2023/whatsapp-icon.svg]
[chauffeurservicedubai.ae/assets/img/img-2023/call-icon.svg]
[chauffeurservicedubai.ae/assets/img/img-2023/book-online.svg]
[chauffeurservicedubai.ae/assets/img/img-2023/brands/mercedes-logo.webp]
[chauffeurservicedubai.ae/assets/img/Maybach-Vito.webp]
[chauffeurservicedubai.ae/assets/img/img-2023/mercedes-gls600-maybach.webp]
[chauffeurservicedubai.ae/assets/img/Mercedes-Vito-250.webp]
[chauffeurservicedubai.ae/assets/img/Mercedes-Maybach V Class 260.webp]
[chauffeurservicedubai.ae/assets/img/Black-Ghost.webp]
[chauffeurservicedubai.ae/assets/img/Mercedes-S500-21.webp]
[chauffeurservicedubai.ae/assets/img/img-2023/brands/bmwbrandlogo.webp]
[chauffeurservicedubai.ae/assets/img/BMW-740i.webp]
[chauffeurservicedubai.ae/assets/img/img-2023/rolls-royce-banner-65268fca55867-65268fe11e55f.webp]
[chauffeurservicedubai.ae/assets/img/img-2023/brands/cadiliac-logo.webp]
[chauffeurservicedubai.ae/assets/img/Caddilac-600.webp]
[chauffeurservicedubai.ae/assets/img/img-2023/brands/nissan-logo.webp]
[chauffeurservicedubai.ae/assets/img/Nissan Patrol Platinum Black.webp]
[chauffeurservicedubai.ae/assets/img/img-2023/brands/gmc-logo.webp]
[chauffeurservicedubai.ae/assets/img/Gmc-Yukon.webp]
[chauffeurservicedubai.ae/assets/img/img-2023/brands/lamborghini-logo.webp]
[chauffeurservicedubai.ae/assets/img/LAMBORGHINI URUS MANSORY - Grey.webp]
[chauffeurservicedubai.ae/assets/img/LAMBORGHINI URUS - Black.webp]
[chauffeurservicedubai.ae/assets/img/img-2023/brands/bentley-logo.webp]
[chauffeurservicedubai.ae/assets/img/BENTLEY BENTAYGA S.webp]
[chauffeurservicedubai.ae/assets/img/MERCEDES G63 BRABUS - Black.webp]
[chauffeurservicedubai.ae/assets/img/Mercedes-G63.webp]
[chauffeurservicedubai.ae/assets/img/g63blackmatt.webp]
[chauffeurservicedubai.ae/assets/img/img-2023/mercedes-maybach-banner-1.webp]
[chauffeurservicedubai.ae/assets/img/img-2023/brands/ferrari-logo.webp]
[chauffeurservicedubai.ae/assets/img/32 Ferrari Purosangue - White.webp]
[chauffeurservicedubai.ae/assets/img/MERCEDES G63 Maybach Rims - White.webp]
[chauffeurservicedubai.ae/assets/img/Rolls Royce Dawn - DARK BLUE.webp]
[chauffeurservicedubai.ae/assets/img/LAMBORGHINI EVO SPIDER 2024 - YELLOW.webp]
[chauffeurservicedubai.ae/assets/img/BENTLEY Flying Spur- White.webp]
[chauffeurservicedubai.ae/assets/img/img-2023/brands/range-rover-logo.webp]
[chauffeurservicedubai.ae/assets/img/img-2023/range-rover-vogue.webp]
[chauffeurservicedubai.ae/assets/img/Range-Rover-Sport.webp]
[chauffeurservicedubai.ae/assets/img/RANGE ROVER SPORT DYNAMIC.webp]
[chauffeurservicedubai.ae/assets/img/RANGE ROVER SPORT DYNAMIC - Santorini Black.webp]
[chauffeurservicedubai.ae/assets/img/img-2023/brands/bmw-logo.webp]
[chauffeurservicedubai.ae/assets/img/BMW 520I - Blue.webp]
[chauffeurservicedubai.ae/assets/img/img-2023/brands/audi-logo.webp]
[chauffeurservicedubai.ae/assets/img/AUDI A6.webp]
[chauffeurservicedubai.ae/assets/img/AUDI A3.webp]
[chauffeurservicedubai.ae/assets/img/MERCEDESBRABUS.webp]
[chauffeurservicedubai.ae/assets/img/img-2023/mercedes-benz-banner-1.webp]
[chauffeurservicedubai.ae/assets/img/Land Rover Deffendar Kahn.webp]
[chauffeurservicedubai.ae/assets/img/LAND ROVER DEFENDER KAHN-Black-2025.webp]
[chauffeurservicedubai.ae/assets/img/Land Rover Defender Urban 2025.webp]
[chauffeurservicedubai.ae/assets/img/RANGE ROVER VELAR.webp]
[chauffeurservicedubai.ae/assets/img/RANGE ROVER EVOUGE - White.webp]
[chauffeurservicedubai.ae/assets/img/RANGE ROVER VOGUE SV - Ostuni Pearl.webp]
[chauffeurservicedubai.ae/assets/img/RANGE ROVER VOGUE AUTOBIOGRAPHY.webp]
[chauffeurservicedubai.ae/assets/img/BMW X7 - 2024 -  MATT GRAy.webp]
[chauffeurservicedubai.ae/assets/img/Audi-Q8.webp]
[chauffeurservicedubai.ae/assets/img/AUDI Q7 - Black.webp]
[chauffeurservicedubai.ae/assets/img/img-2023/brands/infinitylogo.webp]
[chauffeurservicedubai.ae/assets/img/infinitiqx80black.webp]
[chauffeurservicedubai.ae/assets/img/Nissan-Patrol-white.webp]
[chauffeurservicedubai.ae/assets/img/NISSAN X TERRA White.webp]
[chauffeurservicedubai.ae/assets/img/BENTLEY BENTAYGA V8.webp]
[chauffeurservicedubai.ae/assets/img/LAMBORGHINI URUS PEARL CAPSULE - Yellow.webp]
[chauffeurservicedubai.ae/assets/img/LAMBORGHINI URUS - Neon Green.webp]
[chauffeurservicedubai.ae/assets/img/img-2023/brands/porsche-logo.webp]
[chauffeurservicedubai.ae/assets/img/PORSCHE 911 CARRERA 4 GTS Conv - Red.webp]
[chauffeurservicedubai.ae/assets/img/BMW M430i Conv - Grey.webp]
[chauffeurservicedubai.ae/assets/img/GMC-YUKON-ELEVATION/frontside.webp]
[chauffeurservicedubai.ae/assets/img/GMC-YUKON-ELEVATION/interior.webp]
[chauffeurservicedubai.ae/assets/img/GMC-YUKON-ELEVATION/backside.webp]
[chauffeurservicedubai.ae/assets/img/chevron-arrow.svg]
[chauffeurservicedubai.ae/assets/img/img-2023/brands/ford-logo.webp]
[chauffeurservicedubai.ae/assets/img/Limousine-Ford.webp]
[chauffeurservicedubai.ae/assets/img/Limousine-Gmc.webp]
[chauffeurservicedubai.ae/assets/img/Limousine-Nissan.webp]
[chauffeurservicedubai.ae/assets/img/icon8.png]
[chauffeurservicedubai.ae/assets/img/icon9.png]
[chauffeurservicedubai.ae/assets/img/icon7.png]
[chauffeurservicedubai.ae/assets/img/icon10.png]
[chauffeurservicedubai.ae/assets/img/img-2023/chauffeur-service-with-driver.webp]
[chauffeurservicedubai.ae/assets/img/img-2023/limousine-service.webp]
[chauffeurservicedubai.ae/assets/img/airport-service.webp]
[chauffeurservicedubai.ae/assets/img/monthly-service.jpg]
[chauffeurservicedubai.ae/assets/img/music1.webp]
[chauffeurservicedubai.ae/assets/img/img-2023/event.webp]
[chauffeurservicedubai.ae/assets/img/wedding.webp]
[chauffeurservicedubai.ae/assets/img/cntntsec02img.webp]
[chauffeurservicedubai.ae/assets/img/cntntsec5img.webp]
[chauffeurservicedubai.ae/assets/img/1.png]
[chauffeurservicedubai.ae/assets/img/2.png]
[chauffeurservicedubai.ae/assets/img/3.webp]
[chauffeurservicedubai.ae/assets/img/4.png]
[chauffeurservicedubai.ae/assets/img/5.webp]
[chauffeurservicedubai.ae/assets/img/6.png]
[chauffeurservicedubai.ae/assets/img/7.webp]
[chauffeurservicedubai.ae/assets/img/8.png]
[chauffeurservicedubai.ae/assets/img/9.png]
[chauffeurservicedubai.ae/assets/img/10.png]
[chauffeurservicedubai.ae/assets/img/11.png]
[chauffeurservicedubai.ae/assets/img/12.png]
[chauffeurservicedubai.ae/assets/img/13.png]
[chauffeurservicedubai.ae/assets/img/14.webp]
[chauffeurservicedubai.ae/assets/img/15.webp]
[chauffeurservicedubai.ae/cdn-cgi/l/email-protection]
[chauffeurservicedubai.ae/assets/img/map.webp]
[chauffeurservicedubai.ae/assets/img/icon-whatsapp.svg]
[chauffeurservicedubai.ae/assets/img/icon-phone.svg]
[chauffeurservicedubai.ae/cdn-cgi/scripts/5c5dd728/cloudflare-static/email-decode.min.js]
[chauffeurservicedubai.ae/${r}]
[chauffeurservicedubai.ae/assets/js/footer.min.js]
[chauffeurservicedubai.ae/index.html]
[www.googletagmanager.com/gtm5445.html]
[chauffeurservicedubai.ae/assets/img/logo.svg]
[chauffeurservicedubai.ae/assets/js/allinone7b30.js]
[chauffeurservicedubai.ae/assets/fonts/fontawesome-webfont3e6e.eot]
[chauffeurservicedubai.ae/assets/fonts/fontawesome-webfont3e6e.woff2]
[chauffeurservicedubai.ae/assets/fonts/fontawesome-webfontd41d.eot]
[chauffeurservicedubai.ae/assets/fonts/fontawesome-webfont3e6e.woff]
[chauffeurservicedubai.ae/assets/fonts/fontawesome-webfont3e6e.ttf]
[chauffeurservicedubai.ae/assets/css/ajax-loader.gif]
[chauffeurservicedubai.ae/assets/fonts/fontawesome-webfont3e6e.svg]
[chauffeurservicedubai.ae/assets/css/fonts/slick.eot]
[chauffeurservicedubai.ae/assets/css/fonts/slickd41d.eot]
[chauffeurservicedubai.ae/assets/css/fonts/slick.woff]
[chauffeurservicedubai.ae/assets/css/fonts/slick.ttf]
[chauffeurservicedubai.ae/assets/css/fonts/slick.svg]
[chauffeurservicedubai.ae/assets/img/flags.webp]
[chauffeurservicedubai.ae/assets/img/img-2023/banner-chauffeur.webp]
[chauffeurservicedubai.ae/assets/css/allinone5e1f.css]
[chauffeurservicedubai.ae/assets/img/Mobile.webp]
[chauffeurservicedubai.ae/assets/css/style7b30.css]
[chauffeurservicedubai.ae/assets/css/footer.min6040.css]
[chauffeurservicedubai.ae/assets/img/img-2023/seats-icon.svg]
[chauffeurservicedubai.ae/assets/img/img-2023/price-per-trip-icon.svg]
[chauffeurservicedubai.ae/assets/img/img-2023/price-per-day-icon.svg]
[chauffeurservicedubai.ae/assets/img/img-2023/service-icon.svg]
[chauffeurservicedubai.ae/assets/img/img-2023/professional-driver-icon.svg]
[chauffeurservicedubai.ae/assets/img/img-2023/fuel-icon.svg]
[chauffeurservicedubai.ae/assets/img/img-2023/toll-gates-icon.svg]
[chauffeurservicedubai.ae/assets/img/img-2023/whatsapp-icon.svg]
[chauffeurservicedubai.ae/assets/img/img-2023/call-icon.svg]
[chauffeurservicedubai.ae/assets/img/img-2023/book-online.svg]
[chauffeurservicedubai.ae/assets/img/chevron-arrow.svg]
[chauffeurservicedubai.ae/cdn-cgi/l/email-protection.html]
[chauffeurservicedubai.ae/assets/img/icon-whatsapp.svg]
[chauffeurservicedubai.ae/assets/img/icon-phone.svg]
[chauffeurservicedubai.ae/${r}.html]
[chauffeurservicedubai.ae/assets/fonts/fontawesome-webfont3e6e.svg]
[chauffeurservicedubai.ae/assets/css/fonts/slick.svg]
[chauffeurservicedubai.ae/sendMailcall.html]
